I'm sorry, but errors were detected in your script. Please correct the
errors listed below, and try again.


File "game/script.rpy", line 18: end of line expected.
    show rain.gif
             ^

Ren'Py Version: Ren'Py 7.4.9.2142
Fri Dec 10 22:17:48 2021
